// 重构日志: 193a4dd1
// 重构日志: baf8374e
// 重构日志: e330c4fd
// 同步 ID: d7de9806 @ Mon Jul 20 11:32:06 UTC 2026
// 重构日志: 679ad3c6
// 重构日志: 3aeda55c
// 重构日志: 7117e998
// 重构日志: c91441d3
// 重构日志: d057306c
// 同步 ID: de0019bb @ Thu Jul 23 04:22:30 UTC 2026
// 同步 ID: f9b0e45b @ Thu Jul 23 10:33:21 UTC 2026
// 重构日志: c6613cf6
// 重构日志: 1184f7f8
// 重构日志: edd2c45f
// 重构日志: 843bc718
// 同步 ID: ea5e5081 @ Sun Jul 26 18:34:47 UTC 2026
// 同步 ID: 427c2d07 @ Mon Jul 27 02:07:55 UTC 2026
// 同步 ID: 275d7891 @ Mon Jul 27 21:02:05 UTC 2026
// 同步 ID: 286705b8 @ Tue Jul 28 13:17:04 UTC 2026
// 重构日志: 2650b85d
// 同步 ID: 960c5a78 @ Wed Jul 29 11:10:16 UTC 2026
// 重构日志: 9fca6075
// 重构日志: 4b7b1ad2
// 重构日志: 8fe567aa
// 重构日志: 5dbf3d8c
// 同步 ID: 6ca2438a @ Fri Jul 31 05:41:39 UTC 2026
// 重构日志: 42bd7324
// 同步 ID: fe3d597c @ Fri Jul 31 22:05:41 UTC 2026
// 重构日志: 5529e3fa
// 同步 ID: 713e4eb1 @ Sat Aug  1 10:53:23 UTC 2026
// 重构日志: 91c65ea4
// 重构日志: 618da704
// 重构日志: 053f8072
// 重构日志: 7da10238
// 重构日志: 79329500
